int main() {
    return 29;
}
Program
 ↳ Function(name: main)
  ↳ Return
   ↳ Const(value: 29)
==========
int main() {}
Program
 ↳ Function(name: main)
==========
int main() {
    return 2;
    return 100;
}
Program
 ↳ Function(name: main)
  ↳ Return
   ↳ Const(value: 2)
  ↳ Return
   ↳ Const(value: 100)
==========
int main() {
    return -42;
}
Program
 ↳ Function(name: main)
  ↳ Return
   ↳ -
    ↳ Const(value: 42)
==========
int main() {
    return ~42;
}
Program
 ↳ Function(name: main)
  ↳ Return
   ↳ ~
    ↳ Const(value: 42)
==========
int main() {
    return !42;
}
Program
 ↳ Function(name: main)
  ↳ Return
   ↳ !
    ↳ Const(value: 42)
==========
int main() {
    return !~-~-!42;
}
Program
 ↳ Function(name: main)
  ↳ Return
   ↳ !
    ↳ ~
     ↳ -
      ↳ ~
       ↳ -
        ↳ !
         ↳ Const(value: 42)
==========
int main() {
    return 1 + 2;
}
Program
 ↳ Function(name: main)
  ↳ Return
   ↳ +
    ↳ Const(value: 1)
    ↳ Const(value: 2)
==========
int main() {
    return (1 + 2) - (2 - 9);
}
Program
 ↳ Function(name: main)
  ↳ Return
   ↳ -
    ↳ +
     ↳ Const(value: 1)
     ↳ Const(value: 2)
    ↳ -
     ↳ Const(value: 2)
     ↳ Const(value: 9)
==========
int main() {
    return 1 + 2 * 8;
}
Program
 ↳ Function(name: main)
  ↳ Return
   ↳ +
    ↳ Const(value: 1)
    ↳ *
     ↳ Const(value: 2)
     ↳ Const(value: 8)
==========
int main() {
    return 1 + 2 / 7;
}
Program
 ↳ Function(name: main)
  ↳ Return
   ↳ +
    ↳ Const(value: 1)
    ↳ /
     ↳ Const(value: 2)
     ↳ Const(value: 7)
==========
int main() {
    return (1 + 2) * 9;
}
Program
 ↳ Function(name: main)
  ↳ Return
   ↳ *
    ↳ +
     ↳ Const(value: 1)
     ↳ Const(value: 2)
    ↳ Const(value: 9)
==========
int main() {
    return 1 / 0;
}
Program
 ↳ Function(name: main)
  ↳ Return
   ↳ /
    ↳ Const(value: 1)
    ↳ Const(value: 0)
==========
