int main() {
    return 29;
}
Program
 ↳ Function(name: main)
  ↳ Return
   ↳ Const(value: 29)
==========
int main() {}
Program
 ↳ Function(name: main)
==========
int main() {
    return 2;
    return 100;
}
Program
 ↳ Function(name: main)
  ↳ Return
   ↳ Const(value: 2)
  ↳ Return
   ↳ Const(value: 100)
==========
int main() {
    return -42;
}
Program
 ↳ Function(name: main)
  ↳ Return
   ↳ -
    ↳ Const(value: 42)
==========
int main() {
    return ~42;
}
Program
 ↳ Function(name: main)
  ↳ Return
   ↳ ~
    ↳ Const(value: 42)
==========
int main() {
    return !42;
}
Program
 ↳ Function(name: main)
  ↳ Return
   ↳ !
    ↳ Const(value: 42)
==========
int main() {
    return !~-~-!42;
}
Program
 ↳ Function(name: main)
  ↳ Return
   ↳ !
    ↳ ~
     ↳ -
      ↳ ~
       ↳ -
        ↳ !
         ↳ Const(value: 42)
==========
